 EMR_NP_SEAMLDR_ENG_TR_O1

 Timestamp is 64535cb5 (Thu May  4 10:20:21 2023)

 Preferred load address is 00000000

 Start         Length     Name                   Class
 0001:00000000 00001000H ADATA32                 DATA
 0001:00001000 00025118H EDATA32                 DATA
 0001:00026118 0000e000H SDATA32                 DATA
 0002:00000000 00000058H .text                   CODE
 0002:00000058 00000ca5H .text$mn                CODE
 0003:00000000 00000054H .rdata                  DATA
 0003:00000054 00000000H .edata                  DATA
 0003:00000054 00000148H .rdata$zzzdbg           DATA

  Address         Publics by Value              Rva+Base       Lib:Object

 0000:00000000       ___guard_longjmp_count     00000000     <absolute>
 0000:00000000       ___guard_longjmp_table     00000000     <absolute>
 0000:00000000       ___guard_iat_table         00000000     <absolute>
 0000:00000000       ___guard_iat_count         00000000     <absolute>
 0000:00000000       ___guard_fids_count        00000000     <absolute>
 0000:00000000       ___guard_flags             00000000     <absolute>
 0000:00000000       ___safe_se_handler_count   00000000     <absolute>
 0000:00000000       ___guard_fids_table        00000000     <absolute>
 0000:00000000       ___safe_se_handler_table   00000000     <absolute>
 0000:00000000       ___dynamic_value_reloc_table 00000000     <absolute>
 0000:00000000       __load_config_used         00000000     <linker-defined>
 0001:00000000       _HeaderStart               00001000     CORE_ENG_TR:Header.obj
 0001:000006c0       _AcmInfoTableStart         000016c0     CORE_ENG_TR:Header.obj
 0001:000006f4       _ChipsetIdTbl              000016f4     CORE_ENG_TR:Header.obj
 0001:00000708       _ProcessorIdTbl            00001708     CORE_ENG_TR:Header.obj
 0001:00000724       _TpmCapabilitiesTbl        00001724     CORE_ENG_TR:Header.obj
 0001:0000072a       _GenCoreVersionInfoTbl     0000172a     CORE_ENG_TR:Header.obj
 0001:00001000       _ChipsetAcmType            00002000     SeamldrEntry.obj
 0001:00001004       _TxtErrorRegister          00002004     SeamldrEntry.obj
 0001:00001008       _Com64Data                 00002008     SERVER_ENG_TR:Thunk64b.obj
 0001:000010e9       _SeamldrCom64Data          000020e9     SERVER_ENG_TR:Thunk64b.obj
 0001:00001180       _CodeSegmentStart          00002180     CORE_ENG_TR:CodeStart.obj
 0001:00001184       _OriginalIDTR              00002184     CORE_ENG_TR:CodeStart.obj
 0001:0000118c       _OriginalEIP               0000218c     CORE_ENG_TR:CodeStart.obj
 0001:00001190       _OriginalEAX               00002190     CORE_ENG_TR:CodeStart.obj
 0001:00001198       _OriginalECX               00002198     CORE_ENG_TR:CodeStart.obj
 0001:0000119c       _OriginalESI               0000219c     CORE_ENG_TR:CodeStart.obj
 0001:000011a0       _OriginalEDI               000021a0     CORE_ENG_TR:CodeStart.obj
 0001:000011a4       _OriginalEDX               000021a4     CORE_ENG_TR:CodeStart.obj
 0001:000011ac       _OriginalCR4               000021ac     CORE_ENG_TR:CodeStart.obj
 0001:000011b0       _OriginalES                000021b0     CORE_ENG_TR:CodeStart.obj
 0001:000011b2       _OriginalFS                000021b2     CORE_ENG_TR:CodeStart.obj
 0001:000011b4       _OriginalGS                000021b4     CORE_ENG_TR:CodeStart.obj
 0001:000011b6       _OriginalSS                000021b6     CORE_ENG_TR:CodeStart.obj
 0001:000011b8       _R_ACM                     000021b8     CORE_ENG_TR:CodeStart.obj
 0001:000011c4       _AcmSize                   000021c4     CORE_ENG_TR:CodeStart.obj
 0001:000011cc       _AcmBase                   000021cc     CORE_ENG_TR:CodeStart.obj
 0001:000011d4       _AcmTop                    000021d4     CORE_ENG_TR:CodeStart.obj
 0001:000011e8       _PSeamldrConstAsm          000021e8     CORE_ENG_TR:Init64bitComArea.obj
 0001:00001218       _PSeamldrSizeAsm           00002218     CORE_ENG_TR:Init64bitComArea.obj
 0001:00001220       _PSeamldrAsm               00002220     CORE_ENG_TR:Init64bitComArea.obj
 0001:0001b220       ??_C@_0BK@IOPEGNDA@OriginalIDTR?5Limit?3?50x?$CFx?6?$AA@IMHBAIGO@ 0001c220     CORE_ENG_TR:Init64bitComArea.obj
 0001:0001c000       _SeamldrPagingTable        0001d000     CORE_ENG_TR:AcmPaging.obj
 0001:00026000       _shadow_stack_vesp         00027000     CORE_ENG_TR:SStackNASM.obj
 0001:00026008       ??_C@_0DL@EEOEKMDB@Safe?5fill?5operation?3?5Stack?5targe@IMHBAIGO@ 00027008     CORE_ENG_TR:MemFill.obj
 0001:00026044       _nib                       00027044     CORE_ENG_TR:Trace.obj
 0001:00026054       _traceRoutines             00027054     CORE_ENG_TR:Trace.obj
 0001:00026070       ??_C@_01FGNFDNOH@?$CF?$AA@IMHBAIGO@ 00027070     CORE_ENG_TR:Trace.obj
 0001:00026074       ___security_cookie         00027074     CORE_ENG_TR:GsSupport.obj
 0001:00026078       _GdtBasePtr                00027078     CORE_ENG_TR:gdt.obj
 0001:00026098       _ErrCtx                    00027098     CORE_ENG_TR:AcmErr.obj
 0001:000260a4       _AcmErrorHandlerPtr        000270a4     CORE_ENG_TR:AcmErr.obj
 0001:000260b4       ??_C@_0DL@HBBLPBDE@Safe?5copy?5operation?3?5Stack?5targe@IMHBAIGO@ 000270b4     CORE_ENG_TR:CopyDataX.obj
 0001:000260f0       _SioSupportTab             000270f0     CORE_ENG_TR:InitSio.obj
 0001:00026113       _traceControls             00027113     CORE_ENG_TR:printf.obj
 0001:00026118       _stackStart                00027118     Stack.obj
 0002:00000000       __penter                   00036000     CORE_ENG_TR:SStackNASM.obj
 0002:00000018       __pexit                    00036018     CORE_ENG_TR:SStackNASM.obj
 0002:00000058       _ProjectAcmEntryPoint      00036058 f   SeamldrEntry.obj
 0002:0000008b       _SeamldrThunk64            0003608b     SERVER_ENG_TR:Thunk64b.obj
 0002:000000d8       _AcmEntryPoint             000360d8     CORE_ENG_TR:CodeStart.obj
 0002:000002bd       _Init64bitComArea          000362bd f   CORE_ENG_TR:Init64bitComArea.obj
 0002:00000389       _EstablishSeamldrPaging    00036389 f   CORE_ENG_TR:AcmPaging.obj
 0002:0000068d       _Update_CRx                0003668d f   CORE_ENG_TR:CR.obj
 0002:0000069f       _commonAcmEntryPoint       0003669f f   CORE_ENG_TR:commonAcmEntry.obj
 0002:000006e7       _fillMemory                000366e7 f   CORE_ENG_TR:MemFill.obj
 0002:0000072e       _NumToStr                  0003672e f   CORE_ENG_TR:Trace.obj
 0002:0000075c       _NumToStr8                 0003675c f   CORE_ENG_TR:Trace.obj
 0002:00000784       _Trace                     00036784 f   CORE_ENG_TR:Trace.obj
 0002:000007ae       _TraceWriteString          000367ae f   CORE_ENG_TR:Trace.obj
 0002:000007bf       ___Trace                   000367bf f   CORE_ENG_TR:Trace.obj
 0002:000009db       ___readMsr                 000369db f   CORE_ENG_TR:Msr.obj
 0002:000009ff       ___readMsr64               000369ff f   CORE_ENG_TR:Msr.obj
 0002:00000a09       ___writeMsr                00036a09 f   CORE_ENG_TR:Msr.obj
 0002:00000a1b       _calibrateTsc64            00036a1b f   CORE_ENG_TR:Msr.obj
 0002:00000a3d       _readTsc64                 00036a3d f   CORE_ENG_TR:Msr.obj
 0002:00000a40       ___security_cookie_rdrand  00036a40 f   CORE_ENG_TR:GsSupport.obj
 0002:00000a70       ___security_deadloop       00036a70 f   CORE_ENG_TR:GsSupport.obj
 0002:00000a77       ___security_init_cookie    00036a77 f   CORE_ENG_TR:GsSupport.obj
 0002:00000a8a       ___ErrorHandler            00036a8a f   CORE_ENG_TR:AcmErr.obj
 0002:00000a93       _get_esp                   00036a93 f   CORE_ENG_TR:MemCpyProtected.obj
 0002:00000aca       _perform_ebp_checks        00036aca f   CORE_ENG_TR:MemCpyProtected.obj
 0002:00000b4d       _memcpy                    00036b4d f   CORE_ENG_TR:MemCpy.obj
 0002:00000b8f       _ComSerialOut              00036b8f f   CORE_ENG_TR:Com.obj
 0002:00000c23       _copyMemory                00036c23 f   CORE_ENG_TR:CopyDataX.obj
 0002:00000c6a       __allmul                   00036c6a f   CORE_ENG_TR:Multiply.obj
 0002:00000c8b       __ud2                      00036c8b f   CORE_ENG_TR:Ud2.obj
 0002:00000c8e       _RdSeed32                  00036c8e f   CORE_ENG_TR:RdSeed32.obj
 0002:00000ca4       _Wait1ms                   00036ca4 f   CORE_ENG_TR:CoreTime.obj
 0002:00000cd9       _InitSio                   00036cd9 f   CORE_ENG_TR:InitSio.obj

 entry point at        0002:000000d8

 Static symbols

 0001:00001194       OriginalEBX                00002194     CORE_ENG_TR:CodeStart.obj
 0001:000011a8       OriginalCR3                000021a8     CORE_ENG_TR:CodeStart.obj
 0001:000260a8       _ComAddr                   000270a8     CORE_ENG_TR:Com.obj
 0001:000260ac       _LineStat                  000270ac     CORE_ENG_TR:Com.obj
 0001:000260b0       _Once                      000270b0     CORE_ENG_TR:Com.obj
 0001:00026110       _saveLcr                   00027110     CORE_ENG_TR:InitSio.obj
 0001:00026111       _saveDll                   00027111     CORE_ENG_TR:InitSio.obj
 0001:00026112       _saveDlh                   00027112     CORE_ENG_TR:InitSio.obj
 0002:00000031       skip_check                 00036031     CORE_ENG_TR:SStackNASM.obj
 0002:00000034       update_crash_register      00036034     CORE_ENG_TR:SStackNASM.obj
 0002:00000034       error                      00036034     CORE_ENG_TR:SStackNASM.obj
 0002:0000003f       ltReset                    0003603f     CORE_ENG_TR:SStackNASM.obj
 0002:00000049       ..@96.begin                00036049     CORE_ENG_TR:SStackNASM.obj
 0002:00000055       ..@96.break                00036055     CORE_ENG_TR:SStackNASM.obj
 0002:00000055       deadLoop                   00036055     CORE_ENG_TR:SStackNASM.obj
 0002:00000098       LongMode                   00036098     SERVER_ENG_TR:Thunk64b.obj
 0002:000000c0       ..@98.strucstart           000360c0     CORE_ENG_TR:CodeStart.obj
 0002:00000108       _IS_ENTERACCS              00036108     CORE_ENG_TR:CodeStart.obj
 0002:00000165       _BIOS_DONE_LOCKED          00036165     CORE_ENG_TR:CodeStart.obj
 0002:0000017e       FixupLoop                  0003617e     CORE_ENG_TR:CodeStart.obj
 0002:0000019d       ..@109.ifnot               0003619d     CORE_ENG_TR:CodeStart.obj
 0002:0000019f       ..@107.ifnot               0003619f     CORE_ENG_TR:CodeStart.obj
 0002:000002a2       ..@114.begin               000362a2     CORE_ENG_TR:CodeStart.obj
 0002:000002ad       ..@114.break               000362ad     CORE_ENG_TR:CodeStart.obj
 0002:000002b3       OPENED_PRIVATE_SPACE       000362b3     CORE_ENG_TR:CodeStart.obj
 0002:00000606       _IsCodeAcmPage             00036606 f   CORE_ENG_TR:AcmPaging.obj
 0002:0000062a       _Map4KPage                 0003662a f   CORE_ENG_TR:AcmPaging.obj
 0002:00000679       _MapPagingStructure        00036679 f   CORE_ENG_TR:AcmPaging.obj
 0002:000006a9       _coreFillMemory            000366a9 f   CORE_ENG_TR:MemFill.obj
 0002:00000a90       _get_ebp                   00036a90 f   CORE_ENG_TR:MemCpyProtected.obj
 0002:00000a96       _get_previous_ebp          00036a96 f   CORE_ENG_TR:MemCpyProtected.obj
 0002:00000aa0       _get_stack_base            00036aa0 f   CORE_ENG_TR:MemCpyProtected.obj
 0002:00000aa9       _is_addr_in_stack          00036aa9 f   CORE_ENG_TR:MemCpyProtected.obj
 0002:00000b4d       _coreCopyMemory            00036b4d f   CORE_ENG_TR:CopyDataX.obj
 0002:00000be6       _InitializeComPort         00036be6 f   CORE_ENG_TR:Com.obj
