 EMR_NP_SEAMLDR64_ENG_TR_O1

 Timestamp is 68f679f9 (Mon Oct 20 11:05:45 2025)

 Preferred load address is 0000000000000000

 Start         Length     Name                   Class
 0001:00000000 00000001H .data                   DATA
 0002:00000000 00002a22H EDATA32                 DATA
 0003:00000000 000001bcH .text                   CODE
 0003:000001bc 00001fddH .text$mn                CODE
 0004:00000000 00000150H .pdata                  DATA
 0005:00000000 00000054H .rdata                  DATA
 0005:00000054 00000160H .rdata$zzzdbg           DATA
 0005:000001b4 00000168H .xdata                  DATA
 0005:0000031c 00000000H .edata                  DATA

  Address         Publics by Value              Rva+Base               Lib:Object

 0000:00000000       __guard_flags              0000000000000000     <absolute>
 0000:00000000       __guard_fids_count         0000000000000000     <absolute>
 0000:00000000       __dynamic_value_reloc_table 0000000000000000     <absolute>
 0000:00000000       ___safe_se_handler_table   0000000000000000     <absolute>
 0000:00000000       __guard_longjmp_count      0000000000000000     <absolute>
 0000:00000000       __guard_fids_table         0000000000000000     <absolute>
 0000:00000000       ___safe_se_handler_count   0000000000000000     <absolute>
 0000:00000000       __guard_iat_count          0000000000000000     <absolute>
 0000:00000000       __guard_iat_table          0000000000000000     <absolute>
 0000:00000000       __guard_longjmp_table      0000000000000000     <absolute>
 0000:00000000       _load_config_used          0000000000000000     <linker-defined>
 0002:00000008       ??_C@_0CK@HIHMONIC@No?5free?52MB?5entries?5left?5to?5map?5@IMHBAIGO@ 0000000000002008     SERVER64_ENG_TR:AcmPaging64.obj
 0002:00000038       ??_C@_0CK@BFFOGJBM@No?5free?54KB?5entries?5left?5to?5map?5@IMHBAIGO@ 0000000000002038     SERVER64_ENG_TR:AcmPaging64.obj
 0002:00000068       __security_cookie          0000000000002068     SERVER64_ENG_TR:GsSupport64.obj
 0002:00000070       ??_C@_0BO@JDKLNIGF@Failed?5to?5map?5sysinfo?5table?$CB?6?$AA@IMHBAIGO@ 0000000000002070     SERVER64_ENG_TR:SeamldrCore64.obj
 0002:00000090       ??_C@_0M@DFPCGKIO@SeamldrAcm?6?$AA@IMHBAIGO@ 0000000000002090     SERVER64_ENG_TR:SeamldrCore64.obj
 0002:000000a0       ??_C@_0BL@PDBNDKDJ@MaximumSupportMemAddress?3?5?$AA@IMHBAIGO@ 00000000000020a0     SERVER64_ENG_TR:SeamldrCore64.obj
 0002:000000bc       ??_C@_01EEMJAFIK@?6?$AA@IMHBAIGO@ 00000000000020bc     SERVER64_ENG_TR:SeamldrCore64.obj
 0002:000000c0       ??_C@_0BC@JHBKFAN@SEAMRR_BASE_MSR?3?5?$AA@IMHBAIGO@ 00000000000020c0     SERVER64_ENG_TR:SeamldrCore64.obj
 0002:000000d8       ??_C@_0BC@IPADEDPJ@SEAMRR_MASK_MSR?3?5?$AA@IMHBAIGO@ 00000000000020d8     SERVER64_ENG_TR:SeamldrCore64.obj
 0002:000000f0       ??_C@_0BH@EEOILHJA@Seamrr?5mask?5not?5valid?6?$AA@IMHBAIGO@ 00000000000020f0     SERVER64_ENG_TR:SeamldrCore64.obj
 0002:00000108       ??_C@_0O@GKEDAJFE@Seamrr?5size?3?5?$AA@IMHBAIGO@ 0000000000002108     SERVER64_ENG_TR:SeamldrCore64.obj
 0002:00000118       ??_C@_0BH@MBPLKHLD@Writing?5seamrr?5mask?5?9?5?$AA@IMHBAIGO@ 0000000000002118     SERVER64_ENG_TR:SeamldrCore64.obj
 0002:00000130       ??_C@_0CH@NMPGKIPA@Mapped?5PSysInfoTable?5to?5virtual?5@IMHBAIGO@ 0000000000002130     SERVER64_ENG_TR:SeamldrCore64.obj
 0002:00000158       ??_C@_0DB@CIEFJNBN@SeamldrData?4SysInfoTable?9?$DOPSeaml@IMHBAIGO@ 0000000000002158     SERVER64_ENG_TR:SeamldrCore64.obj
 0002:00000190       ??_C@_0CN@CNLBMENP@SeamldrData?4PSeamldrConsts?9?$DOCCod@IMHBAIGO@ 0000000000002190     SERVER64_ENG_TR:SeamldrCore64.obj
 0002:000001c0       ??_C@_0CP@HJNGJCGG@SeamldrData?4PSeamldrConsts?9?$DOCDat@IMHBAIGO@ 00000000000021c0     SERVER64_ENG_TR:SeamldrCore64.obj
 0002:000001f0       ??_C@_0CN@JLDAHCCF@SeamldrData?4PSeamldrConsts?9?$DOCDat@IMHBAIGO@ 00000000000021f0     SERVER64_ENG_TR:SeamldrCore64.obj
 0002:00000220       ??_C@_0DM@IAMDNGHM@Can?8t?5map?5the?5Sysinfo?5table?0?5not@IMHBAIGO@ 0000000000002220     SERVER64_ENG_TR:SeamldrCore64.obj
 0002:00000260       ??_C@_0BH@KNKIAGPB@Seamrr?5range?5too?5big?3?5?$AA@IMHBAIGO@ 0000000000002260     SERVER64_ENG_TR:SeamldrCore64.obj
 0002:00000278       ??_C@_0DM@ILANBIGJ@Can?8t?5map?5the?5SEAMRR?5region?0?5not@IMHBAIGO@ 0000000000002278     SERVER64_ENG_TR:SeamldrCore64.obj
 0002:000002b8       ??_C@_0BN@EABEMNCL@Invalid?5number?5of?5sockets?3?5?6?$AA@IMHBAIGO@ 00000000000022b8     SERVER64_ENG_TR:SeamldrCore64.obj
 0002:000002d8       ??_C@_0BO@INKHCOGJ@Socket?5CPUID?5table?5not?5valid?6?$AA@IMHBAIGO@ 00000000000022d8     SERVER64_ENG_TR:SeamldrCore64.obj
 0002:000002f8       ??_C@_0DB@BBEGNBAJ@P_SYS_INFO_TABLE?5version?5mismatc@IMHBAIGO@ 00000000000022f8     SERVER64_ENG_TR:SeamldrCore64.obj
 0002:00000330       ??_C@_0BH@EKBKOKDP@Acquiring?5SEAMRR?5lock?6?$AA@IMHBAIGO@ 0000000000002330     SERVER64_ENG_TR:SeamldrCore64.obj
 0002:00000348       ??_C@_0CD@JDEDDDDN@SeamldrMutexStatus?5is?5not?5correc@IMHBAIGO@ 0000000000002348     SERVER64_ENG_TR:SeamldrCore64.obj
 0002:00000370       ??_C@_0BD@FOBAGBFE@AcmX2ApicId?5error?6?$AA@IMHBAIGO@ 0000000000002370     SERVER64_ENG_TR:SeamldrCore64.obj
 0002:00000388       ??_C@_0CM@LIHANEGM@Error?3?5P?5Seamldr?5hasn?8t?5shut?5dow@IMHBAIGO@ 0000000000002388     SERVER64_ENG_TR:SeamldrCore64.obj
 0002:000003b8       ??_C@_0P@JKMHMCO@RDSEED?5failed?6?$AA@IMHBAIGO@ 00000000000023b8     SERVER64_ENG_TR:SeamldrCore64.obj
 0002:000003c8       ??_C@_09LMCHEAJO@AslrRand?5?$AA@IMHBAIGO@ 00000000000023c8     SERVER64_ENG_TR:SeamldrCore64.obj
 0002:000003d8       ??_C@_0BK@HHJIMKFB@Pseamldr?5Range?5too?5small?6?$AA@IMHBAIGO@ 00000000000023d8     SERVER64_ENG_TR:SeamldrCore64.obj
 0002:000003f8       ??_C@_0O@FKFJLLIL@SeamRR?5VA?3?50x?$AA@IMHBAIGO@ 00000000000023f8     SERVER64_ENG_TR:SeamldrCore64.obj
 0002:00000408       ??_C@_0BA@HINKIKFF@SeamRR?5Size?3?50x?$AA@IMHBAIGO@ 0000000000002408     SERVER64_ENG_TR:SeamldrCore64.obj
 0002:00000418       ??_C@_0BF@LGBACFPP@Load?5?5P?9Seamld?5code?6?$AA@IMHBAIGO@ 0000000000002418     SERVER64_ENG_TR:SeamldrCore64.obj
 0002:00000430       ??_C@_0BP@KEEGAGND@Loading?5P?9Seamldr?5code?5failed?6?$AA@IMHBAIGO@ 0000000000002430     SERVER64_ENG_TR:SeamldrCore64.obj
 0002:00000450       ??_C@_0BO@FCLKAN@Failed?5to?5relocate?5P?9Seamldr?6?$AA@IMHBAIGO@ 0000000000002450     SERVER64_ENG_TR:SeamldrCore64.obj
 0002:00000470       ??_C@_0BF@CKNDFINP@Map?5P?9Seamldr?5pages?6?$AA@IMHBAIGO@ 0000000000002470     SERVER64_ENG_TR:SeamldrCore64.obj
 0002:00000488       ??_C@_0BM@DDMELFPJ@Failed?5to?5map?5module?5pages?6?$AA@IMHBAIGO@ 0000000000002488     SERVER64_ENG_TR:SeamldrCore64.obj
 0002:000004a8       ??_C@_0O@NNMOLPJK@Setup?5stacks?6?$AA@IMHBAIGO@ 00000000000024a8     SERVER64_ENG_TR:SeamldrCore64.obj
 0002:000004b8       ??_C@_0BI@CDALIHGP@Failed?5to?5setup?5stacks?6?$AA@IMHBAIGO@ 00000000000024b8     SERVER64_ENG_TR:SeamldrCore64.obj
 0002:000004d0       ??_C@_0P@MNGGMCMN@Setup?5keyhole?6?$AA@IMHBAIGO@ 00000000000024d0     SERVER64_ENG_TR:SeamldrCore64.obj
 0002:000004e0       ??_C@_0BK@FBODADJ@Failed?5to?5setup?5keyholes?6?$AA@IMHBAIGO@ 00000000000024e0     SERVER64_ENG_TR:SeamldrCore64.obj
 0002:00000500       ??_C@_0BD@KDAKIHP@Setup?5Data?5Region?6?$AA@IMHBAIGO@ 0000000000002500     SERVER64_ENG_TR:SeamldrCore64.obj
 0002:00000518       ??_C@_0BN@OICIBGCH@Failed?5to?5setup?5data?5region?6?$AA@IMHBAIGO@ 0000000000002518     SERVER64_ENG_TR:SeamldrCore64.obj
 0002:00000538       ??_C@_0BC@DBKHJAMB@Map?5SysInfoTable?6?$AA@IMHBAIGO@ 0000000000002538     SERVER64_ENG_TR:SeamldrCore64.obj
 0002:00000550       ??_C@_0BF@FEICECMF@Setup?5Module?5Region?6?$AA@IMHBAIGO@ 0000000000002550     SERVER64_ENG_TR:SeamldrCore64.obj
 0002:00000568       ??_C@_0BO@OEPBOPGA@Failed?5to?5map?5Module?5Region?$CB?6?$AA@IMHBAIGO@ 0000000000002568     SERVER64_ENG_TR:SeamldrCore64.obj
 0002:00000588       ??_C@_0BG@DLHFFDEJ@Setup?5PSysinfo?5table?6?$AA@IMHBAIGO@ 0000000000002588     SERVER64_ENG_TR:SeamldrCore64.obj
 0002:000005a0       ??_C@_0M@KPDHHIMA@Setup?5VMCS?6?$AA@IMHBAIGO@ 00000000000025a0     SERVER64_ENG_TR:SeamldrCore64.obj
 0002:000005b0       ??_C@_0BG@NNIHHKKC@Record?5Seam?5identity?6?$AA@IMHBAIGO@ 00000000000025b0     SERVER64_ENG_TR:SeamldrCore64.obj
 0002:000005c8       ??_C@_0BK@EBJAMEFH@Exitingseamldr?6Status?3?50x?$AA@IMHBAIGO@ 00000000000025c8     SERVER64_ENG_TR:SeamldrCore64.obj
 0002:000005e8       GdtBasePtr                 00000000000025e8     SERVER64_ENG_TR:gdt64.obj
 0002:00000700       SeamldrData                0000000000002700     SERVER64_ENG_TR:globals64.obj
 0002:00000900       TempGdt                    0000000000002900     SERVER64_ENG_TR:globals64.obj
 0002:00001900       VmcsBuffer                 0000000000003900     SERVER64_ENG_TR:globals64.obj
 0002:00002928       ??_C@_0BB@LNBLGDOE@InitSeamrrPtCtx?6?$AA@IMHBAIGO@ 0000000000004928     SERVER64_ENG_TR:SeamrrPaging64.obj
 0002:00002940       ??_C@_0P@OJPCAKOG@SeamRrBase?3?50x?$AA@IMHBAIGO@ 0000000000004940     SERVER64_ENG_TR:SeamrrPaging64.obj
 0002:00002950       ??_C@_0P@BEDEACLC@SeamRrSize?3?50x?$AA@IMHBAIGO@ 0000000000004950     SERVER64_ENG_TR:SeamrrPaging64.obj
 0002:00002960       ??_C@_0BO@CLKNGODK@SeamrrPtCtx?9?$DOPtBaseAddrLa?3?50x?$AA@IMHBAIGO@ 0000000000004960     SERVER64_ENG_TR:SeamrrPaging64.obj
 0002:00002980       ??_C@_0BO@ILNDJIIA@SeamrrPtCtx?9?$DOPtBaseAddrPa?3?50x?$AA@IMHBAIGO@ 0000000000004980     SERVER64_ENG_TR:SeamrrPaging64.obj
 0002:000029a0       ??_C@_0BP@PNNIHBNC@SeamrrPtCtx?9?$DOPtAllocatorPa?3?50x?$AA@IMHBAIGO@ 00000000000049a0     SERVER64_ENG_TR:SeamrrPaging64.obj
 0002:000029c0       ??_C@_0CC@DFGILCE@SeamrrPtCtx?9?$DOPagingStructSize?3?50@IMHBAIGO@ 00000000000049c0     SERVER64_ENG_TR:SeamrrPaging64.obj
 0002:000029e8       ??_C@_0BJ@DMOBKCLP@SeamrrPtCtx?9?$DOVPDelta?3?50x?$AA@IMHBAIGO@ 00000000000049e8     SERVER64_ENG_TR:SeamrrPaging64.obj
 0002:00002a08       ??_C@_0BK@NEODFFAE@Unsupported?5relocation?$CB?$CB?6?$AA@IMHBAIGO@ 0000000000004a08     SERVER64_ENG_TR:elf64.obj
 0003:00000000       Entry64                    0000000000005000     SERVER64_ENG_TR:Entry64.obj
 0003:0000019c       Movdir64B                  000000000000519c     SERVER64_ENG_TR:MemFill64.obj
 0003:000002f0       Target64                   00000000000052f0 f   seamldr64.obj
 0003:000003e0       _ud2                       00000000000053e0 f   SERVER64_ENG_TR:Ud2_64.obj
 0003:000003e4       PauseCpu                   00000000000053e4 f   SERVER64_ENG_TR:Pause64.obj
 0003:00000474       MapPhysicalRange           0000000000005474 f   SERVER64_ENG_TR:AcmPaging64.obj
 0003:000005cc       RemoveLinearMapping        00000000000055cc f   SERVER64_ENG_TR:AcmPaging64.obj
 0003:000005f8       __security_cookie_rdrand   00000000000055f8 f   SERVER64_ENG_TR:GsSupport64.obj
 0003:00000630       __security_deadloop        0000000000005630 f   SERVER64_ENG_TR:GsSupport64.obj
 0003:0000063c       __security_init_cookie     000000000000563c f   SERVER64_ENG_TR:GsSupport64.obj
 0003:0000068c       LoadModuleCode             000000000000568c f   SERVER64_ENG_TR:SeamldrCore64.obj
 0003:000006b4       MapModulePages             00000000000056b4 f   SERVER64_ENG_TR:SeamldrCore64.obj
 0003:00000774       MapModuleRegion            0000000000005774 f   SERVER64_ENG_TR:SeamldrCore64.obj
 0003:000008f8       MapSysInfoTables           00000000000058f8 f   SERVER64_ENG_TR:SeamldrCore64.obj
 0003:00000968       MemZeroWithMovdir64B       0000000000005968 f   SERVER64_ENG_TR:SeamldrCore64.obj
 0003:000009dc       ReadSeamExtendMsr          00000000000059dc f   SERVER64_ENG_TR:SeamldrCore64.obj
 0003:000009f0       RecordSeamIdentity         00000000000059f0 f   SERVER64_ENG_TR:SeamldrCore64.obj
 0003:00000a54       SeamldrAcm                 0000000000005a54 f   SERVER64_ENG_TR:SeamldrCore64.obj
 0003:000014b4       SetupDataRegion            00000000000064b4 f   SERVER64_ENG_TR:SeamldrCore64.obj
 0003:00001588       SetupKeyholeMapping        0000000000006588 f   SERVER64_ENG_TR:SeamldrCore64.obj
 0003:00001680       SetupStacks                0000000000006680 f   SERVER64_ENG_TR:SeamldrCore64.obj
 0003:0000177c       SetupSysInfoTable          000000000000677c f   SERVER64_ENG_TR:SeamldrCore64.obj
 0003:000018f8       ComSerialOut               00000000000068f8 f   SERVER64_ENG_TR:Trace64.obj
 0003:00001934       printHex                   0000000000006934 f   SERVER64_ENG_TR:Trace64.obj
 0003:00001974       RdSeed64                   0000000000006974 f   SERVER64_ENG_TR:RdSeed64_64.obj
 0003:00001988       __readMsr64                0000000000006988 f   SERVER64_ENG_TR:ReadMsr64_64.obj
 0003:00001994       __writeMsr64               0000000000006994 f   SERVER64_ENG_TR:WriteMsr64_64.obj
 0003:000019a0       shiftLeft64                00000000000069a0 f   SERVER64_ENG_TR:ShiftLeft64.obj
 0003:000019ac       BitScanForward64           00000000000069ac f   SERVER64_ENG_TR:BitScan64.obj
 0003:000019d8       GetMaxPhyAddr              00000000000069d8 f   SERVER64_ENG_TR:MaxPhyAddr64.obj
 0003:00001a08       GetPhyAddrMask             0000000000006a08 f   SERVER64_ENG_TR:MaxPhyAddr64.obj
 0003:00001a28       SetupVmcs                  0000000000006a28 f   SERVER64_ENG_TR:vmcs64.obj
 0003:00001c74       memcpy                     0000000000006c74 f   SERVER64_ENG_TR:MemCpy64.obj
 0003:00001cb8       memcpy_s                   0000000000006cb8 f   SERVER64_ENG_TR:MemCpy64.obj
 0003:00001d38       InitPseamldrPtCtx          0000000000006d38 f   SERVER64_ENG_TR:SeamrrPaging64.obj
 0003:00001e98       MapPage                    0000000000006e98 f   SERVER64_ENG_TR:SeamrrPaging64.obj
 0003:00001fdc       InterlockedCompareExchange8 0000000000006fdc f   SERVER64_ENG_TR:CmpXchg64.obj
 0003:00001fe4       CpuidEx                    0000000000006fe4 f   SERVER64_ENG_TR:CpuIdEx64.obj
 0003:00002024       RdSeed16                   0000000000007024 f   SERVER64_ENG_TR:RdSeed16_64.obj
 0003:00002038       RelocateImage              0000000000007038 f   SERVER64_ENG_TR:elf64.obj
 0003:000020ac       RelocateSection            00000000000070ac f   SERVER64_ENG_TR:elf64.obj
 0003:0000212c       memset                     000000000000712c f   SERVER64_ENG_TR:MemSet64.obj
 0003:00002194       fillMemory                 0000000000007194 f   SERVER64_ENG_TR:MemFill64.obj

 entry point at        0003:00000000

 Static symbols

 0001:00000000       movdir64b_supported        0000000000001000     SERVER64_ENG_TR:MemFill64.obj
 0002:00000000       STSRegister                0000000000002000     seamldr64.obj
 0002:00002900       hex                        0000000000004900     SERVER64_ENG_TR:Trace64.obj
 0002:00002910       ?buffer@?1??printHex@@9@9  0000000000004910     SERVER64_ENG_TR:Trace64.obj
 0003:00000074       _restored_cs               0000000000005074     SERVER64_ENG_TR:Entry64.obj
 0003:000000a5       DoExitAC                   00000000000050a5     SERVER64_ENG_TR:Entry64.obj
 0003:00000110       check_movdir64b_support    0000000000005110     SERVER64_ENG_TR:MemFill64.obj
 0003:00000148       check_movdir64b_support.not_supported 0000000000005148     SERVER64_ENG_TR:MemFill64.obj
 0003:00000151       check_movdir64b_support.done 0000000000005151     SERVER64_ENG_TR:MemFill64.obj
 0003:00000155       movdir64b_native           0000000000005155     SERVER64_ENG_TR:MemFill64.obj
 0003:0000015b       movdir64b_fallback         000000000000515b     SERVER64_ENG_TR:MemFill64.obj
 0003:000001b4       Movdir64B.use_fallback     00000000000051b4     SERVER64_ENG_TR:MemFill64.obj
 0003:000001b9       Movdir64B.done             00000000000051b9     SERVER64_ENG_TR:MemFill64.obj
 0003:000001bc       CloseTPMLocality           00000000000051bc f   seamldr64.obj
 0003:00000268       ReopenTPMLocality          0000000000005268 f   seamldr64.obj
 0003:000003e8       Map2MBPage                 00000000000053e8 f   SERVER64_ENG_TR:AcmPaging64.obj
 0003:00000430       Map4KPage                  0000000000005430 f   SERVER64_ENG_TR:AcmPaging64.obj
 0003:0000065c       GetX2ApicId                000000000000565c f   SERVER64_ENG_TR:SeamldrCore64.obj
 0003:00002154       coreFillMemory             0000000000007154 f   SERVER64_ENG_TR:MemFill64.obj
 0004:00000000       $pdata$CloseTPMLocality    0000000000008000     seamldr64.obj
 0004:0000000c       $pdata$ReopenTPMLocality   000000000000800c     seamldr64.obj
 0004:00000018       $pdata$Target64            0000000000008018     seamldr64.obj
 0004:00000024       $pdata$MapPhysicalRange    0000000000008024     SERVER64_ENG_TR:AcmPaging64.obj
 0004:00000030       $pdata$__security_cookie_rdrand 0000000000008030     SERVER64_ENG_TR:GsSupport64.obj
 0004:0000003c       $pdata$__security_deadloop 000000000000803c     SERVER64_ENG_TR:GsSupport64.obj
 0004:00000048       $pdata$__security_init_cookie 0000000000008048     SERVER64_ENG_TR:GsSupport64.obj
 0004:00000054       $pdata$GetX2ApicId         0000000000008054     SERVER64_ENG_TR:SeamldrCore64.obj
 0004:00000060       $pdata$MapModulePages      0000000000008060     SERVER64_ENG_TR:SeamldrCore64.obj
 0004:0000006c       $pdata$MapModuleRegion     000000000000806c     SERVER64_ENG_TR:SeamldrCore64.obj
 0004:00000078       $pdata$MapSysInfoTables    0000000000008078     SERVER64_ENG_TR:SeamldrCore64.obj
 0004:00000084       $pdata$MemZeroWithMovdir64B 0000000000008084     SERVER64_ENG_TR:SeamldrCore64.obj
 0004:00000090       $pdata$RecordSeamIdentity  0000000000008090     SERVER64_ENG_TR:SeamldrCore64.obj
 0004:0000009c       $pdata$SeamldrAcm          000000000000809c     SERVER64_ENG_TR:SeamldrCore64.obj
 0004:000000a8       $pdata$SetupDataRegion     00000000000080a8     SERVER64_ENG_TR:SeamldrCore64.obj
 0004:000000b4       $pdata$SetupKeyholeMapping 00000000000080b4     SERVER64_ENG_TR:SeamldrCore64.obj
 0004:000000c0       $pdata$SetupStacks         00000000000080c0     SERVER64_ENG_TR:SeamldrCore64.obj
 0004:000000cc       $pdata$SetupSysInfoTable   00000000000080cc     SERVER64_ENG_TR:SeamldrCore64.obj
 0004:000000d8       $pdata$GetMaxPhyAddr       00000000000080d8     SERVER64_ENG_TR:MaxPhyAddr64.obj
 0004:000000e4       $pdata$GetPhyAddrMask      00000000000080e4     SERVER64_ENG_TR:MaxPhyAddr64.obj
 0004:000000f0       $pdata$SetupVmcs           00000000000080f0     SERVER64_ENG_TR:vmcs64.obj
 0004:000000fc       $pdata$InitPseamldrPtCtx   00000000000080fc     SERVER64_ENG_TR:SeamrrPaging64.obj
 0004:00000108       $pdata$MapPage             0000000000008108     SERVER64_ENG_TR:SeamrrPaging64.obj
 0004:00000114       $pdata$CpuidEx             0000000000008114     SERVER64_ENG_TR:CpuIdEx64.obj
 0004:00000120       $pdata$RelocateImage       0000000000008120     SERVER64_ENG_TR:elf64.obj
 0004:0000012c       $pdata$RelocateSection     000000000000812c     SERVER64_ENG_TR:elf64.obj
 0004:00000138       $pdata$memset              0000000000008138     SERVER64_ENG_TR:MemSet64.obj
 0004:00000144       $pdata$coreFillMemory      0000000000008144     SERVER64_ENG_TR:MemFill64.obj
 0005:000001b4       $unwind$CloseTPMLocality   00000000000091b4     seamldr64.obj
 0005:000001b4       $unwind$ReopenTPMLocality  00000000000091b4     seamldr64.obj
 0005:000001c0       $unwind$Target64           00000000000091c0     seamldr64.obj
 0005:000001cc       $unwind$MapPhysicalRange   00000000000091cc     SERVER64_ENG_TR:AcmPaging64.obj
 0005:000001e4       $unwind$__security_init_cookie 00000000000091e4     SERVER64_ENG_TR:GsSupport64.obj
 0005:000001e4       $unwind$GetPhyAddrMask     00000000000091e4     SERVER64_ENG_TR:MaxPhyAddr64.obj
 0005:000001e4       $unwind$__security_deadloop 00000000000091e4     SERVER64_ENG_TR:GsSupport64.obj
 0005:000001e4       $unwind$SetupSysInfoTable  00000000000091e4     SERVER64_ENG_TR:SeamldrCore64.obj
 0005:000001ec       $unwind$MemZeroWithMovdir64B 00000000000091ec     SERVER64_ENG_TR:SeamldrCore64.obj
 0005:00000204       $unwind$GetX2ApicId        0000000000009204     SERVER64_ENG_TR:SeamldrCore64.obj
 0005:0000020c       $unwind$MapModulePages     000000000000920c     SERVER64_ENG_TR:SeamldrCore64.obj
 0005:00000224       $unwind$SetupKeyholeMapping 0000000000009224     SERVER64_ENG_TR:SeamldrCore64.obj
 0005:0000023c       $unwind$SetupStacks        000000000000923c     SERVER64_ENG_TR:SeamldrCore64.obj
 0005:0000023c       $unwind$SetupDataRegion    000000000000923c     SERVER64_ENG_TR:SeamldrCore64.obj
 0005:00000250       $unwind$MapSysInfoTables   0000000000009250     SERVER64_ENG_TR:SeamldrCore64.obj
 0005:00000258       $unwind$MapModuleRegion    0000000000009258     SERVER64_ENG_TR:SeamldrCore64.obj
 0005:00000274       $unwind$RecordSeamIdentity 0000000000009274     SERVER64_ENG_TR:SeamldrCore64.obj
 0005:00000280       $unwind$SeamldrAcm         0000000000009280     SERVER64_ENG_TR:SeamldrCore64.obj
 0005:000002a0       $unwind$GetMaxPhyAddr      00000000000092a0     SERVER64_ENG_TR:MaxPhyAddr64.obj
 0005:000002a0       $unwind$CpuidEx            00000000000092a0     SERVER64_ENG_TR:CpuIdEx64.obj
 0005:000002a8       $unwind$SetupVmcs          00000000000092a8     SERVER64_ENG_TR:vmcs64.obj
 0005:000002c0       $unwind$MapPage            00000000000092c0     SERVER64_ENG_TR:SeamrrPaging64.obj
 0005:000002d8       $unwind$InitPseamldrPtCtx  00000000000092d8     SERVER64_ENG_TR:SeamrrPaging64.obj
 0005:000002f0       $unwind$RelocateImage      00000000000092f0     SERVER64_ENG_TR:elf64.obj
 0005:00000304       $unwind$RelocateSection    0000000000009304     SERVER64_ENG_TR:elf64.obj
 0005:00000304       $unwind$__security_cookie_rdrand 0000000000009304     SERVER64_ENG_TR:GsSupport64.obj
 0005:0000030c       $unwind$memset             000000000000930c     SERVER64_ENG_TR:MemSet64.obj
 0005:00000314       $unwind$coreFillMemory     0000000000009314     SERVER64_ENG_TR:MemFill64.obj
